ERC report (2026-03-03T15:33:20+0000, Encoding UTF8)

***** Sheet /
[global_label_dangling]: Global label not connected anywhere else in the schematic
    ; warning
    @(3200 mils, 2550 mils): Global Label 'SDA'
[global_label_dangling]: Global label not connected anywhere else in the schematic
    ; warning
    @(3400 mils, 2450 mils): Global Label 'A3'
[global_label_dangling]: Global label not connected anywhere else in the schematic
    ; warning
    @(2300 mils, 1050 mils): Global Label '3.3V'
[power_pin_not_driven]: Input Power pin not driven by any Output Power pins
    ; error
    @(2100 mils, 1150 mils): Symbol A1 Pin 30 [VIN, Power input, Line]
[pin_not_driven]: Input pin not driven by any Output pins
    ; error
    @(2700 mils, 1950 mils): Symbol A1 Pin 18 [AREF, Input, Line]
[pin_not_connected]: Pin not connected
    ; error
    @(2700 mils, 1950 mils): Symbol A1 Pin 18 [AREF, Input, Line]
[global_label_dangling]: Global label not connected anywhere else in the schematic
    ; warning
    @(2900 mils, 2650 mils): Global Label 'SCL'
[power_pin_not_driven]: Input Power pin not driven by any Output Power pins
    ; error
    @(2200 mils, 3150 mils): Symbol A1 Pin 4 [GND, Power input, Line]

***** Sheet /LCD/

***** Sheet /Speakers/
[duplicate_pins]: Symbol '_1' has multiple pins with the same pin number
    ; error
    @(8500 mils, 3500 mils): Symbol U2 [_1]
[footprint_link_issues]: The current configuration does not include the footprint library ''.
    ; warning
    @(8500 mils, 3500 mils): Symbol U2 [_1]
[unconnected_wire_endpoint]: Unconnected wire endpoint
    ; warning
    @(8950 mils, 3350 mils): Horizontal Wire, length 50 mils
[unconnected_wire_endpoint]: Unconnected wire endpoint
    ; warning
    @(8950 mils, 3450 mils): Horizontal Wire, length 50 mils
[unconnected_wire_endpoint]: Unconnected wire endpoint
    ; warning
    @(8950 mils, 3650 mils): Horizontal Wire, length 50 mils
[unconnected_wire_endpoint]: Unconnected wire endpoint
    ; warning
    @(8950 mils, 3550 mils): Horizontal Wire, length 50 mils
[power_pin_not_driven]: Input Power pin not driven by any Output Power pins
    ; error
    @(3800 mils, 3550 mils): Symbol U1 Pin  [GND, Power input, Line]
[duplicate_pins]: Symbol 'Si470x' has multiple pins with the same pin number
    ; error
    @(3450 mils, 3500 mils): Symbol U1 [Si470x]

***** Sheet /Ultrasound/
[duplicate_pins]: Symbol '_1' has multiple pins with the same pin number
    ; error
    @(4400 mils, 2200 mils): Symbol U3 [_1]
[footprint_link_issues]: The current configuration does not include the footprint library 'Sensor_Ultrasonic'.
    ; warning
    @(4400 mils, 2200 mils): Symbol U3 [_1]

***** Sheet /Encoder/

***** Sheet /Infrared/

***** Sheet /Thermal/

***** Sheet /RTC/

 ** ERC messages: 18  Errors 8  Warnings 10
